CTAACACAT
CTAACACCT
CTAACACTT
GACACAGCG
AACACATGA
AACACCTGA
AACACTTGA
AACACTTGT
CACATGAGC
CACAGCGTG
CTCAGGACA
AGGACACAG
ATGAGCTCA
CTGAGCTCA
TTGAGCTCA
GCTAACACA
GCTAACACC
GCTAACACT
TAACACATG
TAACACCTG
TAACACTTG
ACACATGAG
ACACCTGAG
ACACTTGAG
ACACAGCGT
ACACTTGTG
GGACACAGC
CACCTGAGC
CAGCGTGAT
GAGCTCAGG
GGGCTAACA
GTGCTCAGG
GCTCAGGAC
ACAGCGTGA
TCAGGACAC
TGAGCTCAG
AGCGTGATT
CAGGACACA
GCGGGGCTA
CGGGGCTAA
GGGGCTAAC
CATGAGCTC
CCTGAGCTC
TGTGCTCAG
CTTGAGCTC
CTTGTGCTC
ACATGAGCT
CACTTGAGC
CACTTGTGC
ACCTGAGCT
AGCTCAGGA
GGCTAACAC
TGCTCAGGA
TTGTGCTCA
ACTTGAGCT
ACTTGTGCT
